// Jest Snapshot v1, https://goo.gl/fbAQLP

exports[`matches snapshot 1`] = `
<DocumentFragment>
  <div
    class="MuiPaper-root MuiCard-root makeStyles-root-5 MuiPaper-outlined MuiPaper-rounded"
  >
    <div
      class="MuiCardContent-root"
    >
      <h2
        class="MuiTypography-root makeStyles-pos-7 MuiTypography-h5"
      >
        Test Company 1
      </h2>
      <p
        class="MuiTypography-root makeStyles-pos-7 MuiTypography-body1 MuiTypography-colorTextSecondary"
      >
        Test description 1
      </p>
    </div>
    <div
      class="MuiCardActions-root makeStyles-pos-7 MuiCardActions-spacing"
    >
      <svg
        aria-hidden="true"
        class="MuiSvgIcon-root makeStyles-icon-8"
        focusable="false"
        viewBox="0 0 24 24"
      >
        <path
          d="M12 7V3H2v18h20V7H12zM6 19H4v-2h2v2zm0-4H4v-2h2v2zm0-4H4V9h2v2zm0-4H4V5h2v2zm4 12H8v-2h2v2zm0-4H8v-2h2v2zm0-4H8V9h2v2zm0-4H8V5h2v2zm10 12h-8v-2h2v-2h-2v-2h2v-2h-2V9h8v10zm-2-8h-2v2h2v-2zm0 4h-2v2h2v-2z"
        />
      </svg>
    </div>
  </div>
</DocumentFragment>
`;
