// Jest Snapshot v1, https://goo.gl/fbAQLP

exports[`matches snapshot 1`] = `
<DocumentFragment>
  <div
    class="MuiPaper-root MuiCard-root makeStyles-root-5 MuiPaper-elevation1 MuiPaper-rounded"
  >
    <div
      class="MuiCardContent-root"
    >
      <h2
        class="MuiTypography-root makeStyles-title-7 MuiTypography-h5"
      >
        Editor, magazine features
      </h2>
      <p
        class="MuiTypography-root makeStyles-pos-8 MuiTypography-body1 MuiTypography-colorTextSecondary"
      >
        Salary: 11111
      </p>
      <p
        class="MuiTypography-root makeStyles-pos-8 MuiTypography-body1 MuiTypography-colorTextSecondary"
      >
        Equity: 0.115
      </p>
    </div>
    <div
      class="MuiCardActions-root MuiCardActions-spacing"
    >
      <button
        class="MuiButtonBase-root MuiButton-root MuiButton-contained MuiButton-containedSecondary"
        tabindex="0"
        type="button"
      >
        <span
          class="MuiButton-label"
        >
          Apply
        </span>
        <span
          class="MuiTouchRipple-root"
        />
      </button>
    </div>
  </div>
</DocumentFragment>
`;
