// Jest Snapshot v1, https://goo.gl/fbAQLP

exports[`matches snapshot 1`] = `
<DocumentFragment>
  <div
    class="MuiContainer-root makeStyles-root-13 MuiContainer-maxWidthLg"
  >
    <form
      autocomplete="off"
      class="makeStyles-form-19"
      novalidate=""
    >
      <div
        class="MuiInputBase-root MuiOutlinedInput-root makeStyles-input-20"
        variant="outlined"
      >
        <input
          class="MuiInputBase-input MuiOutlinedInput-input"
          id="searchInput"
          placeholder="Search for jobs"
          type="text"
          value=""
        />
        <fieldset
          aria-hidden="true"
          class="PrivateNotchedOutline-root-21 MuiOutlinedInput-notchedOutline"
          style="padding-left: 8px;"
        >
          <legend
            class="PrivateNotchedOutline-legend-22"
            style="width: 0.01px;"
          >
            <span>
              â€‹
            </span>
          </legend>
        </fieldset>
      </div>
      <button
        class="MuiButtonBase-root MuiButton-root MuiButton-contained MuiButton-containedPrimary"
        tabindex="0"
        type="button"
      >
        <span
          class="MuiButton-label"
        >
          Search
        </span>
        <span
          class="MuiTouchRipple-root"
        />
      </button>
    </form>
    <h3>
      You have no applications.
    </h3>
  </div>
</DocumentFragment>
`;
