// Jest Snapshot v1, https://goo.gl/fbAQLP

exports[`matches snapshot 1`] = `
<DocumentFragment>
  <div
    class="MuiContainer-root makeStyles-root-5 MuiContainer-maxWidthLg"
  >
    <h1>
      ...Loading
    </h1>
    <h1>
      ...Loading
    </h1>
  </div>
</DocumentFragment>
`;
