// Jest Snapshot v1, https://goo.gl/fbAQLP

exports[`matches snapshot 1`] = `
<DocumentFragment>
  <div
    class="MuiContainer-root makeStyles-root-10 MuiContainer-maxWidthLg"
  >
    <form
      autocomplete="off"
      class="makeStyles-form-12"
      novalidate=""
    >
      <div
        class="MuiInputBase-root MuiOutlinedInput-root makeStyles-input-13"
        variant="outlined"
      >
        <input
          class="MuiInputBase-input MuiOutlinedInput-input"
          id="searchInput"
          placeholder="Search for companies"
          type="text"
          value=""
        />
        <fieldset
          aria-hidden="true"
          class="PrivateNotchedOutline-root-14 MuiOutlinedInput-notchedOutline"
          style="padding-left: 8px;"
        >
          <legend
            class="PrivateNotchedOutline-legend-15"
            style="width: 0.01px;"
          >
            <span>
              â€‹
            </span>
          </legend>
        </fieldset>
      </div>
      <button
        class="MuiButtonBase-root MuiButton-root MuiButton-contained MuiButton-containedPrimary"
        tabindex="0"
        type="button"
      >
        <span
          class="MuiButton-label"
        >
          Search
        </span>
        <span
          class="MuiTouchRipple-root"
        />
      </button>
    </form>
    ...loading
    <div
      class="makeStyles-root-18"
    >
      <p
        class="MuiTypography-root MuiTypography-body1"
      >
        Page: 1
      </p>
      <nav
        aria-label="pagination navigation"
        class="MuiPagination-root"
      >
        <ul
          class="MuiPagination-ul"
        >
          <li>
            <button
              aria-label="Go to previous page"
              class="MuiButtonBase-root MuiPaginationItem-root MuiPaginationItem-page Mui-disabled Mui-disabled"
              disabled=""
              tabindex="-1"
              type="button"
            >
              <svg
                aria-hidden="true"
                class="MuiSvgIcon-root MuiPaginationItem-icon"
                focusable="false"
                viewBox="0 0 24 24"
              >
                <path
                  d="M15.41 7.41L14 6l-6 6 6 6 1.41-1.41L10.83 12z"
                />
              </svg>
            </button>
          </li>
          <li>
            <button
              aria-label="Go to next page"
              class="MuiButtonBase-root MuiPaginationItem-root MuiPaginationItem-page Mui-disabled Mui-disabled"
              disabled=""
              tabindex="-1"
              type="button"
            >
              <svg
                aria-hidden="true"
                class="MuiSvgIcon-root MuiPaginationItem-icon"
                focusable="false"
                viewBox="0 0 24 24"
              >
                <path
                  d="M10 6L8.59 7.41 13.17 12l-4.58 4.59L10 18l6-6z"
                />
              </svg>
            </button>
          </li>
        </ul>
      </nav>
    </div>
  </div>
</DocumentFragment>
`;
