// Jest Snapshot v1, https://goo.gl/fbAQLP

exports[`matches snapshot 1`] = `
<DocumentFragment>
  <h1>
    404 page not found
  </h1>
</DocumentFragment>
`;
