// Jest Snapshot v1, https://goo.gl/fbAQLP

exports[`matches snapshot 1`] = `
<DocumentFragment>
  <div
    class="MuiContainer-root makeStyles-root-14 MuiContainer-maxWidthLg"
  >
    <h1>
      Profile
    </h1>
    <span
      class="MuiBox-root MuiBox-root-21 makeStyles-success-19"
    >
      Success: Profile updated
    </span>
    <span
      class="MuiBox-root MuiBox-root-22 makeStyles-err-20"
    >
      Error: Inputs incomplete
    </span>
    <form
      class="makeStyles-form-15"
    >
      <p
        class="MuiFormHelperText-root makeStyles-label-16"
      >
        Username
      </p>
      <p
        class="MuiFormHelperText-root makeStyles-label-16"
      />
      <p
        class="MuiFormHelperText-root makeStyles-label-16"
      >
        Confirm Password
      </p>
      <div
        class="MuiInputBase-root MuiOutlinedInput-root makeStyles-input-17"
        required=""
        variant="outlined"
      >
        <input
          class="MuiInputBase-input MuiOutlinedInput-input"
          name="password"
          required=""
          type="password"
          value=""
        />
        <fieldset
          aria-hidden="true"
          class="PrivateNotchedOutline-root-23 MuiOutlinedInput-notchedOutline"
          style="padding-left: 8px;"
        >
          <legend
            class="PrivateNotchedOutline-legend-24"
            style="width: 0.01px;"
          >
            <span>
              ​
            </span>
          </legend>
        </fieldset>
      </div>
      <p
        class="MuiFormHelperText-root makeStyles-label-16"
      >
        First Name
      </p>
      <div
        class="MuiInputBase-root MuiOutlinedInput-root makeStyles-input-17"
        variant="outlined"
      >
        <input
          class="MuiInputBase-input MuiOutlinedInput-input"
          name="first_name"
          type="text"
          value=""
        />
        <fieldset
          aria-hidden="true"
          class="PrivateNotchedOutline-root-23 MuiOutlinedInput-notchedOutline"
          style="padding-left: 8px;"
        >
          <legend
            class="PrivateNotchedOutline-legend-24"
            style="width: 0.01px;"
          >
            <span>
              ​
            </span>
          </legend>
        </fieldset>
      </div>
      <p
        class="MuiFormHelperText-root makeStyles-label-16"
      >
        Last Name
      </p>
      <div
        class="MuiInputBase-root MuiOutlinedInput-root makeStyles-input-17"
        variant="outlined"
      >
        <input
          class="MuiInputBase-input MuiOutlinedInput-input"
          name="last_name"
          type="text"
          value=""
        />
        <fieldset
          aria-hidden="true"
          class="PrivateNotchedOutline-root-23 MuiOutlinedInput-notchedOutline"
          style="padding-left: 8px;"
        >
          <legend
            class="PrivateNotchedOutline-legend-24"
            style="width: 0.01px;"
          >
            <span>
              ​
            </span>
          </legend>
        </fieldset>
      </div>
      <p
        class="MuiFormHelperText-root makeStyles-label-16"
      >
        Email
      </p>
      <div
        class="MuiInputBase-root MuiOutlinedInput-root makeStyles-input-17"
        variant="outlined"
      >
        <input
          class="MuiInputBase-input MuiOutlinedInput-input"
          name="email"
          type="text"
          value=""
        />
        <fieldset
          aria-hidden="true"
          class="PrivateNotchedOutline-root-23 MuiOutlinedInput-notchedOutline"
          style="padding-left: 8px;"
        >
          <legend
            class="PrivateNotchedOutline-legend-24"
            style="width: 0.01px;"
          >
            <span>
              ​
            </span>
          </legend>
        </fieldset>
      </div>
      <p
        class="MuiFormHelperText-root makeStyles-label-16"
      >
        Photo URL
      </p>
      <div
        class="MuiInputBase-root MuiOutlinedInput-root makeStyles-input-17"
        variant="outlined"
      >
        <input
          class="MuiInputBase-input MuiOutlinedInput-input"
          name="photo_url"
          type="text"
          value=""
        />
        <fieldset
          aria-hidden="true"
          class="PrivateNotchedOutline-root-23 MuiOutlinedInput-notchedOutline"
          style="padding-left: 8px;"
        >
          <legend
            class="PrivateNotchedOutline-legend-24"
            style="width: 0.01px;"
          >
            <span>
              ​
            </span>
          </legend>
        </fieldset>
      </div>
      <div
        class="makeStyles-button-18"
      >
        <button
          class="MuiButtonBase-root MuiButton-root MuiButton-contained MuiButton-containedPrimary"
          tabindex="0"
          type="button"
        >
          <span
            class="MuiButton-label"
          >
            Update Profile
          </span>
          <span
            class="MuiTouchRipple-root"
          />
        </button>
      </div>
    </form>
  </div>
</DocumentFragment>
`;
